[0.108s] Invoking command in '/home/winicon/smilebot_ws/build/my_bot': /usr/bin/cmake /home/winicon/smilebot_ws/src/my_bot -DCMAKE_INSTALL_PREFIX=/home/winicon/smilebot_ws/install/my_bot
[0.178s] -- Found ament_cmake: 1.3.9 (/opt/ros/humble/share/ament_cmake/cmake)
[1.374s] -- Override CMake install command with custom implementation using symlinks instead of copying resources
[1.551s] -- Found ament_lint_auto: 0.12.11 (/opt/ros/humble/share/ament_lint_auto/cmake)
[2.192s] Error parsing '/home/winicon/smilebot_ws/src/my_bot/package.xml':
[2.532s] Traceback (most recent call last):
[2.533s]   File "/usr/lib/python3/dist-packages/catkin_pkg/package.py", line 610, in parse_package_string
[2.534s]     root = dom.parseString(data)
[2.535s]   File "/usr/lib/python3.10/xml/dom/minidom.py", line 2000, in parseString
[2.540s]     return expatbuilder.parseString(string)
[2.542s]   File "/usr/lib/python3.10/xml/dom/expatbuilder.py", line 925, in parseString
[2.545s]     return builder.parseString(string)
[2.546s]   File "/usr/lib/python3.10/xml/dom/expatbuilder.py", line 223, in parseString
[2.560s]     parser.Parse(string, True)
[2.562s] xml.parsers.expat.ExpatError: mismatched tag: line 14, column 26
[2.566s] 
[2.569s] During handling of the above exception, another exception occurred:
[2.571s] 
[2.572s] Traceback (most recent call last):
[2.574s]   File "/opt/ros/humble/share/ament_cmake_core/cmake/core/package_xml_2_cmake.py", line 150, in <module>
[2.592s]     main()
[2.595s]   File "/opt/ros/humble/share/ament_cmake_core/cmake/core/package_xml_2_cmake.py", line 53, in main
[2.597s]     raise e
[2.598s]   File "/opt/ros/humble/share/ament_cmake_core/cmake/core/package_xml_2_cmake.py", line 49, in main
[2.602s]     package = parse_package_string(
[2.603s]   File "/usr/lib/python3/dist-packages/catkin_pkg/package.py", line 612, in parse_package_string
[2.603s]     raise InvalidPackage('The manifest contains invalid XML:\n%s' % ex, filename)
[2.604s] catkin_pkg.package.InvalidPackage: Error(s) in package '/home/winicon/smilebot_ws/src/my_bot/package.xml':
[2.605s] The manifest contains invalid XML:
[2.606s] mismatched tag: line 14, column 26
[2.649s] [31mCMake Error at /opt/ros/humble/share/ament_cmake_core/cmake/core/ament_package_xml.cmake:95 (message):
[2.649s]   execute_process(/usr/bin/python3
[2.650s]   /opt/ros/humble/share/ament_cmake_core/cmake/core/package_xml_2_cmake.py
[2.654s]   /home/winicon/smilebot_ws/src/my_bot/package.xml
[2.656s] -- Configuring incomplete, errors occurred!
[2.656s] See also "/home/winicon/smilebot_ws/build/my_bot/CMakeFiles/CMakeOutput.log".
[2.657s]   /home/winicon/smilebot_ws/build/my_bot/ament_cmake_core/package.cmake)
[2.658s]   returned error code 1
[2.659s] Call Stack (most recent call first):
[2.660s]   /opt/ros/humble/share/ament_cmake_core/cmake/core/ament_package_xml.cmake:49 (_ament_package_xml)
[2.660s]   /opt/ros/humble/share/ament_lint_auto/cmake/ament_lint_auto_find_test_dependencies.cmake:31 (ament_package_xml)
[2.661s]   CMakeLists.txt:32 (ament_lint_auto_find_test_dependencies)
[2.661s] 
[2.662s] [0m
[2.683s] Invoked command in '/home/winicon/smilebot_ws/build/my_bot' returned '1': /usr/bin/cmake /home/winicon/smilebot_ws/src/my_bot -DCMAKE_INSTALL_PREFIX=/home/winicon/smilebot_ws/install/my_bot
