[0.112s] Invoking command in '/home/winicon/smilebot_ws/build/my_bot': /usr/bin/cmake /home/winicon/smilebot_ws/src/my_bot -DCMAKE_INSTALL_PREFIX=/home/winicon/smilebot_ws/install/my_bot
[0.181s] -- Found ament_cmake: 1.3.9 (/opt/ros/humble/share/ament_cmake/cmake)
[1.656s] -- Override CMake install command with custom implementation using symlinks instead of copying resources
[1.801s] -- Found ament_lint_auto: 0.12.11 (/opt/ros/humble/share/ament_lint_auto/cmake)
[2.334s] Error parsing '/home/winicon/smilebot_ws/src/my_bot/package.xml':
[2.658s] Traceback (most recent call last):
[2.659s]   File "/usr/lib/python3/dist-packages/catkin_pkg/package.py", line 610, in parse_package_string
[2.662s]     root = dom.parseString(data)
[2.669s]   File "/usr/lib/python3.10/xml/dom/minidom.py", line 2000, in parseString
[2.671s]     return expatbuilder.parseString(string)
[2.674s]   File "/usr/lib/python3.10/xml/dom/expatbuilder.py", line 925, in parseString
[2.675s]     return builder.parseString(string)
[2.677s]   File "/usr/lib/python3.10/xml/dom/expatbuilder.py", line 223, in parseString
[2.678s]     parser.Parse(string, True)
[2.679s] xml.parsers.expat.ExpatError: mismatched tag: line 14, column 22
[2.679s] 
[2.696s] During handling of the above exception, another exception occurred:
[2.696s] 
[2.697s] Traceback (most recent call last):
[2.697s]   File "/opt/ros/humble/share/ament_cmake_core/cmake/core/package_xml_2_cmake.py", line 150, in <module>
[2.698s]     main()
[2.711s]   File "/opt/ros/humble/share/ament_cmake_core/cmake/core/package_xml_2_cmake.py", line 53, in main
[2.715s]     raise e
[2.716s]   File "/opt/ros/humble/share/ament_cmake_core/cmake/core/package_xml_2_cmake.py", line 49, in main
[2.717s]     package = parse_package_string(
[2.740s]   File "/usr/lib/python3/dist-packages/catkin_pkg/package.py", line 612, in parse_package_string
[2.740s]     raise InvalidPackage('The manifest contains invalid XML:\n%s' % ex, filename)
[2.741s] catkin_pkg.package.InvalidPackage: Error(s) in package '/home/winicon/smilebot_ws/src/my_bot/package.xml':
[2.741s] The manifest contains invalid XML:
[2.742s] mismatched tag: line 14, column 22
[2.916s] [31mCMake Error at /opt/ros/humble/share/ament_cmake_core/cmake/core/ament_package_xml.cmake:95 (message):
[2.916s]   execute_process(/usr/bin/python3
[2.917s]   /opt/ros/humble/share/ament_cmake_core/cmake/core/package_xml_2_cmake.py
[2.917s]   /home/winicon/smilebot_ws/src/my_bot/package.xml
[2.918s]   /home/winicon/smilebot_ws/build/my_bot/ament_cmake_core/package.cmake)
[2.918s]   returned error code 1
[2.918s] Call Stack (most recent call first):
[2.919s]   /opt/ros/humble/share/ament_cmake_core/cmake/core/ament_package_xml.cmake:49 (_ament_package_xml)
[2.920s]   /opt/ros/humble/share/ament_lint_auto/cmake/ament_lint_auto_find_test_dependencies.cmake:31 (ament_package_xml)
[2.920s]   CMakeLists.txt:32 (ament_lint_auto_find_test_dependencies)
[2.921s] 
[2.921s] [0m
[2.922s] -- Configuring incomplete, errors occurred!
[2.922s] See also "/home/winicon/smilebot_ws/build/my_bot/CMakeFiles/CMakeOutput.log".
[2.941s] Invoked command in '/home/winicon/smilebot_ws/build/my_bot' returned '1': /usr/bin/cmake /home/winicon/smilebot_ws/src/my_bot -DCMAKE_INSTALL_PREFIX=/home/winicon/smilebot_ws/install/my_bot
